#
# Copyright 2016-2018 The Reaktivity Project
#
# The Reaktivity Project licenses this file to you under the Apache License,
# version 2.0 (the "License"); you may not use this file except in compliance
# with the License. You may obtain a copy of the License at:
#
#   http://www.apache.org/licenses/LICENSE-2.0
#
# Unless required by applicable law or agreed to in writing, software
# distributed under the License is distributed on an "AS IS" BASIS, WITHOUT
# WARRANTIES OR CONDITIONS OF ANY KIND, either express or implied. See the
# License for the specific language governing permissions and limitations
# under the License.
#

property nukleiV05C ${nuklei:directory("target/nukleus-itests").controlCapacity(4096, 4096)}

property controlV05C ${nukleiV05C.control("auth-jwt")}

connect "agrona://stream/bidirectional"
        option agrona:reader ${agrona:broadcastReceiver(controlV05C.controller)}
        option agrona:writer ${agrona:manyToOneWriter(controlV05C.nukleus)}

connected

write 0x00000011
write ${controlV05C.nextCorrelationId()}
write [0x05] "realm"
write 341
write [0x05] "role1"
write [0x05] "role2"
write [0x05] "role3"
write [0x05] "role4"
write [0x05] "role5"
write [0x05] "role6"
write [0x05] "role7"
write [0x05] "role8"
write [0x05] "role9"
write [0x06] "role10"
write [0x06] "role11"
write [0x06] "role12"
write [0x06] "role13"
write [0x06] "role14"
write [0x06] "role15"
write [0x06] "role16"
write [0x06] "role17"
write [0x06] "role18"
write [0x06] "role19"
write [0x06] "role20"
write [0x06] "role21"
write [0x06] "role22"
write [0x06] "role23"
write [0x06] "role24"
write [0x06] "role25"
write [0x06] "role26"
write [0x06] "role27"
write [0x06] "role28"
write [0x06] "role29"
write [0x06] "role30"
write [0x06] "role31"
write [0x06] "role32"
write [0x06] "role33"
write [0x06] "role34"
write [0x06] "role35"
write [0x06] "role36"
write [0x06] "role37"
write [0x06] "role38"
write [0x06] "role39"
write [0x06] "role40"
write [0x06] "role41"
write [0x06] "role42"
write [0x06] "role43"
write [0x06] "role44"
write [0x06] "role45"
write [0x06] "role46"
write [0x06] "role47"
write [0x06] "role48"
write [0x0d] "role49TooMany"

write flush

read 0x40000000
read ${controlV05C.correlationId()}

read notify RESOLVED

close
closed
