#
# Copyright 2016-2021 The Reaktivity Project
#
# The Reaktivity Project licenses this file to you under the Apache License,
# version 2.0 (the "License"); you may not use this file except in compliance
# with the License. You may obtain a copy of the License at:
#
#   http://www.apache.org/licenses/LICENSE-2.0
#
# Unless required by applicable law or agreed to in writing, software
# distributed under the License is distributed on an "AS IS" BASIS, WITHOUT
# WARRANTIES OR CONDITIONS OF ANY KIND, either express or implied. See the
# License for the specific language governing permissions and limitations
# under the License.
#

property nukleiR05N ${nuklei:directory("target/nukleus-itests").controlCapacity(4096, 4096)}

property controlR05N ${nukleiR05N.controlNew()}

property authorization 0x0001_000000000000L # security realm only

connect "agrona://stream/bidirectional"
        option agrona:reader ${agrona:manyToOneReader(controlR05N.nukleus)}
        option agrona:writer ${agrona:broadcastTransmitter(controlR05N.controller)}

connected

read 0x00000011
read (long:correlationIdR05N)
read ${core:string("oauth")}
read [0x05] "RS256"
read 4 0

write 0x40000011
write ${correlationIdR05N}
write ${authorization}
write flush

write notify RESOLVED

close
closed
