#
# Copyright 2016-2017 The Reaktivity Project
#
# The Reaktivity Project licenses this file to you under the Apache License,
# version 2.0 (the "License"); you may not use this file except in compliance
# with the License. You may obtain a copy of the License at:
#
#   http://www.apache.org/licenses/LICENSE-2.0
#
# Unless required by applicable law or agreed to in writing, software
# distributed under the License is distributed on an "AS IS" BASIS, WITHOUT
# WARRANTIES OR CONDITIONS OF ANY KIND, either express or implied. See the
# License for the specific language governing permissions and limitations
# under the License.
#

property nukleiUR020101N ${nuklei:directory("target/nukleus-itests").controlCapacity(4096, 4096)}

property controlUR020101N ${nukleiUR020101N.controlNew("auth-jwt")}

connect await ROUTED_PROXY
        "agrona://stream/bidirectional"
        option agrona:reader ${agrona:manyToOneReader(controlUR020101N.nukleus)}
        option agrona:writer ${agrona:broadcastTransmitter(controlUR020101N.controller)}

connected

read 0x00000002
read (long:correlationIdUR020101N)
read [0x02]
read [0x06] "source"
read (long:proxyAcceptRefUR020101N)
read [0x06] "target"
read (long:proxyConnectRefRG010101N)
read [0..8] # authorization

write 0x40000002
write ${correlationIdUR020101N}
write flush

close
closed
