#
# Copyright 2016-2020 The Reaktivity Project
#
# The Reaktivity Project licenses this file to you under the Apache License,
# version 2.0 (the "License"); you may not use this file except in compliance
# with the License. You may obtain a copy of the License at:
#
#   http://www.apache.org/licenses/LICENSE-2.0
#
# Unless required by applicable law or agreed to in writing, software
# distributed under the License is distributed on an "AS IS" BASIS, WITHOUT
# WARRANTIES OR CONDITIONS OF ANY KIND, either express or implied. See the
# License for the specific language governing permissions and limitations
# under the License.
#

property nukleiR05C ${nuklei:directory("target/nukleus-itests").controlCapacity(4096, 4096)}

property controlR05C ${nukleiR05C.control()}

property authorization1 0x0001_000000000000L
property authorization2 0x0002_000000000000L

connect "agrona://stream/bidirectional"
        option agrona:reader ${agrona:broadcastReceiver(controlR05C.controller)}
        option agrona:writer ${agrona:manyToOneWriter(controlR05C.nukleus)}

connected

write 0x00000011
write ${controlR05C.nextCorrelationId()}
write ${core:string("oauth")}
write [0x05] "RS256"
write 4 0
write flush

read 0x40000011
read ${controlR05C.correlationId()}
read ${authorization1}

write 0x00000011
write ${controlR05C.nextCorrelationId()}
write ${core:string("oauth")}
write [0x05] "ES256"
write 4 0
write flush

read 0x40000011
read ${controlR05C.correlationId()}
read ${authorization2}

read notify RESOLVED

close
closed
